// Bun Snapshot v1, https://bun.sh/docs/test/snapshots

exports[`theme token values snapshot (guards accidental palette drift) 1`] = `
{
  "Almanac": {
    "accent": "oklch(48% 0.11 75)",
    "accent-ink": "oklch(96% 0.012 85)",
    "focus": "oklch(48% 0.11 75)",
    "ink": "oklch(25% 0.04 60)",
    "muted": "oklch(46% 0.04 60)",
    "paper": "oklch(94% 0.02 85)",
    "paper-2": "oklch(91% 0.022 85)",
  },
  "Atelier": {
    "accent": "oklch(62% 0.13 70)",
    "accent-ink": "oklch(20% 0.015 60)",
    "focus": "oklch(50% 0.13 70)",
    "ink": "oklch(24% 0.015 60)",
    "muted": "oklch(46% 0.018 60)",
    "paper": "oklch(96.5% 0.008 85)",
    "paper-2": "oklch(93.5% 0.01 85)",
  },
  "Aurora": {
    "accent": "oklch(75% 0.14 175)",
    "accent-ink": "oklch(15% 0.03 175)",
    "focus": "oklch(75% 0.14 175)",
    "ink": "oklch(93% 0.008 200)",
    "muted": "oklch(70% 0.012 200)",
    "paper": "oklch(16% 0.025 250)",
    "paper-2": "oklch(21% 0.028 250)",
  },
  "Bloom": {
    "accent": "oklch(70% 0.16 25)",
    "accent-ink": "oklch(18% 0.03 25)",
    "focus": "oklch(70% 0.16 25)",
    "ink": "oklch(92% 0.01 320)",
    "muted": "oklch(70% 0.015 320)",
    "paper": "oklch(15% 0.02 320)",
    "paper-2": "oklch(20% 0.024 320)",
  },
  "Brutal": {
    "accent": "oklch(50% 0.21 29)",
    "accent-ink": "oklch(97% 0.004 260)",
    "focus": "oklch(50% 0.21 29)",
    "ink": "oklch(15% 0.02 260)",
    "muted": "oklch(41% 0.02 260)",
    "paper": "oklch(92% 0.005 260)",
    "paper-2": "oklch(88% 0.006 260)",
  },
  "Coral": {
    "accent": "oklch(66% 0.17 30)",
    "accent-ink": "oklch(18% 0.02 30)",
    "focus": "oklch(55% 0.16 30)",
    "ink": "oklch(24% 0.015 40)",
    "muted": "oklch(46% 0.018 40)",
    "paper": "oklch(97% 0.006 40)",
    "paper-2": "oklch(94% 0.008 40)",
  },
  "Editorial": {
    "accent": "oklch(48% 0.17 25)",
    "accent-ink": "oklch(97.5% 0.003 90)",
    "focus": "oklch(48% 0.17 25)",
    "ink": "oklch(18% 0.005 90)",
    "muted": "oklch(45% 0.008 90)",
    "paper": "oklch(97.5% 0.003 90)",
    "paper-2": "oklch(94.5% 0.004 90)",
  },
  "Garden": {
    "accent": "oklch(45% 0.12 145)",
    "accent-ink": "oklch(97% 0.008 110)",
    "focus": "oklch(45% 0.12 145)",
    "ink": "oklch(24% 0.04 140)",
    "muted": "oklch(45% 0.04 140)",
    "paper": "oklch(96% 0.012 110)",
    "paper-2": "oklch(93% 0.014 110)",
  },
  "Halo": {
    "accent": "oklch(85% 0.08 90)",
    "accent-ink": "oklch(15% 0.015 90)",
    "focus": "oklch(85% 0.08 90)",
    "ink": "oklch(94% 0.005 270)",
    "muted": "oklch(71% 0.008 270)",
    "paper": "oklch(14% 0.01 270)",
    "paper-2": "oklch(19% 0.012 270)",
  },
  "Linen": {
    "accent": "oklch(45% 0.09 270)",
    "accent-ink": "oklch(96.5% 0.008 80)",
    "focus": "oklch(45% 0.09 270)",
    "ink": "oklch(28% 0.02 60)",
    "muted": "oklch(47% 0.022 60)",
    "paper": "oklch(95.5% 0.012 80)",
    "paper-2": "oklch(92.5% 0.014 80)",
  },
  "Manifesto": {
    "accent": "oklch(52% 0.21 27)",
    "accent-ink": "oklch(97% 0.003 260)",
    "focus": "oklch(75% 0.13 27)",
    "ink": "oklch(95% 0.005 260)",
    "muted": "oklch(72% 0.008 260)",
    "paper": "oklch(18% 0.01 260)",
    "paper-2": "oklch(23% 0.012 260)",
  },
  "Midnight": {
    "accent": "oklch(62% 0.17 275)",
    "accent-ink": "oklch(14% 0.03 275)",
    "focus": "oklch(62% 0.17 275)",
    "ink": "oklch(93% 0.01 265)",
    "muted": "oklch(70% 0.02 265)",
    "paper": "oklch(17% 0.03 265)",
    "paper-2": "oklch(22% 0.035 265)",
  },
  "Newsprint": {
    "accent": "oklch(50% 0.19 28)",
    "accent-ink": "oklch(97% 0.004 90)",
    "focus": "oklch(50% 0.19 28)",
    "ink": "oklch(20% 0.005 90)",
    "muted": "oklch(44% 0.008 90)",
    "paper": "oklch(93% 0.006 90)",
    "paper-2": "oklch(90% 0.007 90)",
  },
  "Plume": {
    "accent": "oklch(50% 0.13 282)",
    "accent-ink": "oklch(97.5% 0.006 320)",
    "focus": "oklch(50% 0.13 282)",
    "ink": "oklch(26% 0.02 300)",
    "muted": "oklch(47% 0.022 300)",
    "paper": "oklch(97.5% 0.008 320)",
    "paper-2": "oklch(94.5% 0.01 320)",
  },
  "Quiet": {
    "accent": "oklch(25% 0 0)",
    "accent-ink": "oklch(100% 0 0)",
    "focus": "oklch(55% 0.18 260)",
    "ink": "oklch(25% 0 0)",
    "muted": "oklch(48% 0 0)",
    "paper": "oklch(100% 0 0)",
    "paper-2": "oklch(97% 0 0)",
  },
  "Riso": {
    "accent": "oklch(62% 0.21 0)",
    "accent-ink": "oklch(18% 0.02 0)",
    "focus": "oklch(50% 0.19 0)",
    "ink": "oklch(20% 0.01 90)",
    "muted": "oklch(44% 0.012 90)",
    "paper": "oklch(95% 0.01 90)",
    "paper-2": "oklch(92% 0.012 90)",
  },
  "Salon": {
    "accent": "oklch(42% 0.14 25)",
    "accent-ink": "oklch(96% 0.01 85)",
    "focus": "oklch(42% 0.14 25)",
    "ink": "oklch(26% 0.03 50)",
    "muted": "oklch(47% 0.03 50)",
    "paper": "oklch(95.5% 0.015 85)",
    "paper-2": "oklch(92.5% 0.018 85)",
  },
  "Specimen": {
    "accent": "oklch(52% 0.19 27)",
    "accent-ink": "oklch(97.5% 0.004 80)",
    "focus": "oklch(52% 0.19 27)",
    "ink": "oklch(22% 0.01 80)",
    "muted": "oklch(45% 0.012 80)",
    "paper": "oklch(97.5% 0.004 80)",
    "paper-2": "oklch(94.5% 0.005 80)",
  },
  "Sport": {
    "accent": "oklch(52% 0.2 27)",
    "accent-ink": "oklch(98% 0.003 250)",
    "focus": "oklch(52% 0.2 27)",
    "ink": "oklch(15% 0.01 250)",
    "muted": "oklch(43% 0.012 250)",
    "paper": "oklch(96% 0.004 250)",
    "paper-2": "oklch(92.5% 0.005 250)",
  },
  "Studio": {
    "accent": "oklch(52% 0.13 150)",
    "accent-ink": "oklch(97.5% 0.004 90)",
    "focus": "oklch(52% 0.13 150)",
    "ink": "oklch(21% 0.01 90)",
    "muted": "oklch(45% 0.012 90)",
    "paper": "oklch(96.5% 0.005 90)",
    "paper-2": "oklch(93.5% 0.006 90)",
  },
  "Terminal": {
    "accent": "oklch(80% 0.14 80)",
    "accent-ink": "oklch(16% 0.015 80)",
    "focus": "oklch(80% 0.14 80)",
    "ink": "oklch(82% 0.17 150)",
    "muted": "oklch(60% 0.06 150)",
    "paper": "oklch(16% 0.015 150)",
    "paper-2": "oklch(21% 0.018 150)",
  },
  "Violet": {
    "accent": "oklch(48% 0.19 300)",
    "accent-ink": "oklch(97.5% 0.005 300)",
    "focus": "oklch(48% 0.19 300)",
    "ink": "oklch(24% 0.02 300)",
    "muted": "oklch(46% 0.022 300)",
    "paper": "oklch(97.5% 0.005 300)",
    "paper-2": "oklch(94.5% 0.007 300)",
  },
}
`;
